#
# A fatal error has been detected by the Java Runtime Environment:
#
#  EXCEPTION_ACCESS_VIOLATION (0xc0000005) at pc=0x00007fffe436e107, pid=11288, tid=19452
#
# JRE version: OpenJDK Runtime Environment Temurin-21.0.3+9 (21.0.3+9) (build 21.0.3+9-LTS)
# Java VM: OpenJDK 64-Bit Server VM Temurin-21.0.3+9 (21.0.3+9-LTS, mixed mode, emulated-client, tiered, compressed oops, compressed class ptrs, g1 gc, windows-amd64)
# Problematic frame:
# V  [jvm.dll+0x67e107]
#
# No core dump will be written. Minidumps are not enabled by default on client versions of Windows
#
# If you would like to submit a bug report, please visit:
#   https://github.com/adoptium/adoptium-support/issues
#

---------------  S U M M A R Y ------------

Command Line: -Dcom.sun.management.jmxremote -Dcom.sun.management.jmxremote.port=25864 -Dcom.sun.management.jmxremote.authenticate=false -Dcom.sun.management.jmxremote.ssl=false -Djava.rmi.server.hostname=localhost -Dspring.jmx.enabled=true -Dmanagement.endpoints.jmx.exposure.include=* -Dspring.application.admin.enabled=true -XX:TieredStopAtLevel=1 -Dspring.boot.project.name=CNSTN-CHEMICAL-MANAGER-0.2 -Dfile.encoding=UTF-8 -Dstdout.encoding=UTF-8 -Dstderr.encoding=UTF-8 -XX:+ShowCodeDetailsInExceptionMessages com.example.demo.CnstnChemicalsApplication --spring.output.ansi.enabled=always

Host: AMD Ryzen 5 5500U with Radeon Graphics         , 12 cores, 9G,  Windows 10 , 64 bit Build 19041 (10.0.19041.5915)
Time: Wed Nov 19 13:33:44 2025 Afr. centrale Ouest elapsed time: 774.581562 seconds (0d 0h 12m 54s)

---------------  T H R E A D  ---------------

Current thread (0x000001fc2d753310):  WorkerThread "GC Thread#3"    [id=19452, stack(0x000000131c200000,0x000000131c300000) (1024K)]

Stack: [0x000000131c200000,0x000000131c300000],  sp=0x000000131c2ffb50,  free space=1022k
Native frames: (J=compiled Java code, j=interpreted, Vv=VM code, C=native code)
V  [jvm.dll+0x67e107]
V  [jvm.dll+0x3bba3d]
V  [jvm.dll+0x6d5782]
V  [jvm.dll+0x355892]
V  [jvm.dll+0x8cf697]
V  [jvm.dll+0x84bf8b]
V  [jvm.dll+0x6c6dcd]
C  [ucrtbase.dll+0x21bb2]
C  [KERNEL32.DLL+0x17374]
C  [ntdll.dll+0x4cc91]


siginfo: EXCEPTION_ACCESS_VIOLATION (0xc0000005), reading address 0x0000000004000100


Registers:
RAX=0x0000000000000070, RBX=0x000001fc2d7547d0, RCX=0x0000000004000000, RDX=0x0000000000000000
RSP=0x000000131c2ffb50, RBP=0x0000000000000006, RSI=0x0000000004000000, RDI=0x0000000004000000
R8 =0x0000000000000003, R9 =0x000001fc1f747d40, R10=0x000001fc1f747d2e, R11=0x000000131c2ffc10
R12=0x0000000000000030, R13=0x0000000000000000, R14=0x0000000000000000, R15=0x00000000000003d8
RIP=0x00007fffe436e107, EFLAGS=0x0000000000010202


Register to memory mapping:

RAX=0x0000000000000070 is an unknown value
RBX=0x000001fc2d7547d0 points into unknown readable memory: 0x0000000000000000 | 00 00 00 00 00 00 00 00
RCX=0x0000000004000000 is an unknown value
RDX=0x0 is null
RSP=0x000000131c2ffb50 points into unknown readable memory: 0x000001fc195dd4a0 | a0 d4 5d 19 fc 01 00 00
RBP=0x0000000000000006 is an unknown value
RSI=0x0000000004000000 is an unknown value
RDI=0x0000000004000000 is an unknown value
R8 =0x0000000000000003 is an unknown value
R9 =0x000001fc1f747d40 is at entry_point+0 in (nmethod*)0x000001fc1f747b90
Compiled method (c1)  774661 6166       1       java.lang.invoke.VarHandleByteArrayAsLongs$ArrayHandle::set (39 bytes)
 total in heap  [0x000001fc1f747b90,0x000001fc1f748070] = 1248
 relocation     [0x000001fc1f747cf0,0x000001fc1f747d38] = 72
 main code      [0x000001fc1f747d40,0x000001fc1f747ed0] = 400
 stub code      [0x000001fc1f747ed0,0x000001fc1f747f10] = 64
 oops           [0x000001fc1f747f10,0x000001fc1f747f20] = 16
 metadata       [0x000001fc1f747f20,0x000001fc1f747f40] = 32
 scopes data    [0x000001fc1f747f40,0x000001fc1f747fc0] = 128
 scopes pcs     [0x000001fc1f747fc0,0x000001fc1f748050] = 144
 dependencies   [0x000001fc1f748050,0x000001fc1f748058] = 8
 nul chk table  [0x000001fc1f748058,0x000001fc1f748070] = 24
R10=0x000001fc1f747d2e is at entry_point+-18 in (nmethod*)0x000001fc1f747b90
Compiled method (c1)  774661 6166       1       java.lang.invoke.VarHandleByteArrayAsLongs$ArrayHandle::set (39 bytes)
 total in heap  [0x000001fc1f747b90,0x000001fc1f748070] = 1248
 relocation     [0x000001fc1f747cf0,0x000001fc1f747d38] = 72
 main code      [0x000001fc1f747d40,0x000001fc1f747ed0] = 400
 stub code      [0x000001fc1f747ed0,0x000001fc1f747f10] = 64
 oops           [0x000001fc1f747f10,0x000001fc1f747f20] = 16
 metadata       [0x000001fc1f747f20,0x000001fc1f747f40] = 32
 scopes data    [0x000001fc1f747f40,0x000001fc1f747fc0] = 128
 scopes pcs     [0x000001fc1f747fc0,0x000001fc1f748050] = 144
 dependencies   [0x000001fc1f748050,0x000001fc1f748058] = 8
 nul chk table  [0x000001fc1f748058,0x000001fc1f748070] = 24
R11=0x000000131c2ffc10 points into unknown readable memory: 0x000000131adfe7d0 | d0 e7 df 1a 13 00 00 00
R12=0x0000000000000030 is an unknown value
R13=0x0 is null
R14=0x0 is null
R15=0x00000000000003d8 is an unknown value

Top of Stack: (sp=0x000000131c2ffb50)
0x000000131c2ffb50:   000001fc195dd4a0 0000000000000001
0x000000131c2ffb60:   000000131adfe600 000000131adfe7b0
0x000000131c2ffb70:   0000000000000002 00007fffe3f10d73
0x000000131c2ffb80:   00000000000003d8 0000000000000030
0x000000131c2ffb90:   0000000000000000 0000000000000030
0x000000131c2ffba0:   0000000004000000 00007fffe40aba3d
0x000000131c2ffbb0:   000001fc1f741290 0000000000000000
0x000000131c2ffbc0:   0000000000000006 00000008005539a0
0x000000131c2ffbd0:   000001fc28580da8 0000000000000000
0x000000131c2ffbe0:   000001fc2d64ca80 000001fc285809c0
0x000000131c2ffbf0:   000001fc285809d0 00007fffe43c5782
0x000000131c2ffc00:   0000dbb7815025f3 0000000000000001
0x000000131c2ffc10:   000000131adfe7d0 000001fc2d7109e8
0x000000131c2ffc20:   0000000000000070 000001fc2d7109e8
0x000000131c2ffc30:   0000000000000007 00007fffe4045892
0x000000131c2ffc40:   000000131adfe790 000001fc2d753310
0x000000131c2ffc50:   0000000000000007 0000000000000007
0x000000131c2ffc60:   000001fc2d7547d0 00007fffe45bf697
0x000000131c2ffc70:   000001fc197f0478 000001fc2d753310
0x000000131c2ffc80:   0000000000000007 000001fc2d7547d0
0x000000131c2ffc90:   0000000000000000 000001fc2d753310
0x000000131c2ffca0:   0000000000000000 0000000000100000
0x000000131c2ffcb0:   0000000000000000 00007fffe453bf8b
0x000000131c2ffcc0:   000000131c200000 00000000ffffffff
0x000000131c2ffcd0:   0000000000000000 0000000000000000
0x000000131c2ffce0:   0000000000000004 0000000000001000
0x000000131c2ffcf0:   0000000400001000 0000000000020000
0x000000131c2ffd00:   0000000000000000 00007fffe453c75a
0x000000131c2ffd10:   000001fc2d753310 0000000000000000
0x000000131c2ffd20:   00003ed728cf9942 0000000000000000
0x000000131c2ffd30:   0000000000000000 00007fffe43b6dcd
0x000000131c2ffd40:   000001fc2d753310 000001fc2d753310 

Instructions: (pc=0x00007fffe436e107)
0x00007fffe436e007:   2f 2c 00 48 8b 7c 24 50 4c 8b 64 24 58 48 8b 5c
0x00007fffe436e017:   24 60 48 8b 6c 24 68 48 83 c4 30 41 5f 41 5e 5e
0x00007fffe436e027:   c3 48 8b cb e8 60 a0 ac ff 0f b6 c0 4c 8d 0d be
0x00007fffe436e037:   fc 3e 00 41 b8 73 05 00 00 89 44 24 20 48 8d 15
0x00007fffe436e047:   c5 fc 3e 00 b9 00 00 00 e0 e8 9b 01 c0 ff cc 48
0x00007fffe436e057:   8b cb e8 32 a0 ac ff 0f b6 c0 4c 8d 0d 90 fc 3e
0x00007fffe436e067:   00 41 b8 f1 06 00 00 89 44 24 20 48 8d 15 97 fc
0x00007fffe436e077:   3e 00 b9 00 00 00 e0 e8 6d 01 c0 ff cc 48 8b cb
0x00007fffe436e087:   e8 04 a0 ac ff 0f b6 c0 4c 8d 0d 62 fc 3e 00 41
0x00007fffe436e097:   b8 73 05 00 00 89 44 24 20 48 8d 15 69 fc 3e 00
0x00007fffe436e0a7:   b9 00 00 00 e0 e8 3f 01 c0 ff cc cc cc cc cc cc
0x00007fffe436e0b7:   cc cc cc cc cc cc cc cc cc 48 89 5c 24 10 48 89
0x00007fffe436e0c7:   6c 24 18 48 89 74 24 20 57 41 54 41 55 41 56 41
0x00007fffe436e0d7:   57 48 83 ec 30 65 48 8b 04 25 58 00 00 00 44 0f
0x00007fffe436e0e7:   b6 f2 44 8b 05 f8 39 65 00 48 8b f1 4a 8b 1c c0
0x00007fffe436e0f7:   b8 70 00 00 00 80 3c 18 00 75 05 e8 f9 1c 2c 00
0x00007fffe436e107:   83 be 00 01 00 00 00 b8 20 00 00 00 48 8b 04 18
0x00007fffe436e117:   48 8b a8 18 03 00 00 48 8b 7d 28 4c 8b 7d 10 4c
0x00007fffe436e127:   8b 65 18 4c 8b 6d 20 48 89 7c 24 60 7e 65 48 8d
0x00007fffe436e137:   8e 08 01 00 00 e8 7f 0d 00 00 48 8b f8 48 85 c0
0x00007fffe436e147:   74 4c 0f 1f 80 00 00 00 00 48 8b 07 41 0f b6 d6
0x00007fffe436e157:   48 8b cf ff 90 80 00 00 00 8b 5f 08 48 8b cf 48
0x00007fffe436e167:   8b 07 2b de ff 10 8d 48 e0 8d 0c cb 3b 8e 00 01
0x00007fffe436e177:   00 00 7d 1a 48 63 c9 48 81 c1 08 01 00 00 48 03
0x00007fffe436e187:   ce e8 33 0d 00 00 48 8b f8 48 85 c0 75 bb 48 8b
0x00007fffe436e197:   7c 24 60 48 63 86 04 01 00 00 83 f8 fe 74 35 48
0x00007fffe436e1a7:   8d 88 08 01 00 00 48 03 ce e8 0b 0d 00 00 48 8b
0x00007fffe436e1b7:   c8 48 8b d8 48 8b 10 ff 52 68 33 c9 84 c0 48 0f
0x00007fffe436e1c7:   45 cb 48 85 c9 74 0d 48 8b 01 41 0f b6 d6 ff 90
0x00007fffe436e1d7:   80 00 00 00 48 8d 05 3e ff 3e 00 44 88 74 24 28
0x00007fffe436e1e7:   48 8d 54 24 20 48 89 44 24 20 48 8b ce e8 87 fc
0x00007fffe436e1f7:   ff ff 49 83 3f 00 74 13 48 8b d7 48 8b cd e8 46 


Stack slot to memory mapping:

stack at sp + 0 slots: 0x000001fc195dd4a0 points into unknown readable memory: 0x0000000300000001 | 01 00 00 00 03 00 00 00
stack at sp + 1 slots: 0x0000000000000001 is an unknown value
stack at sp + 2 slots: 0x000000131adfe600 points into unknown readable memory: 0x000000dee5553b0c | 0c 3b 55 e5 de 00 00 00
stack at sp + 3 slots: 0x000000131adfe7b0 points into unknown readable memory: 0x0000000800000001 | 01 00 00 00 08 00 00 00
stack at sp + 4 slots: 0x0000000000000002 is an unknown value
stack at sp + 5 slots: 0x00007fffe3f10d73 jvm.dll
stack at sp + 6 slots: 0x00000000000003d8 is an unknown value
stack at sp + 7 slots: 0x0000000000000030 is an unknown value


---------------  P R O C E S S  ---------------

Threads class SMR info:
_java_thread_list=0x000001fc2fb2b9a0, length=35, elements={
0x000001fc2849e710, 0x000001fc2849f430, 0x000001fc284a0150, 0x000001fc284c1fe0,
0x000001fc284c4a50, 0x000001fc284c58b0, 0x000001fc2847b790, 0x000001fc28386f70,
0x000001fc286cca60, 0x000001fc2d6406f0, 0x000001fc2d6548f0, 0x000001fc2d679660,
0x000001fc2d700060, 0x000001fc2d663110, 0x000001fc2da62c00, 0x000001fc2da63290,
0x000001fc2edae4d0, 0x000001fc2edaeb60, 0x000001fc2edaf1f0, 0x000001fc2edade40,
0x000001fc2edaf880, 0x000001fc2edaff10, 0x000001fc2edb05a0, 0x000001fc2edb0c30,
0x000001fc2fe29350, 0x000001fc2fe299e0, 0x000001fc2fe2a070, 0x000001fc2fe2b420,
0x000001fc2fe2a700, 0x000001fc2fe2ad90, 0x000001fc2fe2bab0, 0x000001fc2fe27fa0,
0x000001fc2fe2c140, 0x000001fc2fe2c7d0, 0x000001fc2fe28cc0
}

Java Threads: ( => current thread )
  0x000001fc2849e710 JavaThread "Reference Handler"          daemon [_thread_blocked, id=14208, stack(0x000000131ae00000,0x000000131af00000) (1024K)]
  0x000001fc2849f430 JavaThread "Finalizer"                  daemon [_thread_blocked, id=3860, stack(0x000000131af00000,0x000000131b000000) (1024K)]
  0x000001fc284a0150 JavaThread "Signal Dispatcher"          daemon [_thread_blocked, id=10868, stack(0x000000131b000000,0x000000131b100000) (1024K)]
  0x000001fc284c1fe0 JavaThread "Attach Listener"            daemon [_thread_blocked, id=13340, stack(0x000000131b100000,0x000000131b200000) (1024K)]
  0x000001fc284c4a50 JavaThread "Service Thread"             daemon [_thread_blocked, id=18968, stack(0x000000131b200000,0x000000131b300000) (1024K)]
  0x000001fc284c58b0 JavaThread "Monitor Deflation Thread"   daemon [_thread_blocked, id=14520, stack(0x000000131b300000,0x000000131b400000) (1024K)]
  0x000001fc2847b790 JavaThread "C1 CompilerThread0"         daemon [_thread_blocked, id=1988, stack(0x000000131b400000,0x000000131b500000) (1024K)]
  0x000001fc28386f70 JavaThread "Common-Cleaner"             daemon [_thread_blocked, id=13692, stack(0x000000131b500000,0x000000131b600000) (1024K)]
  0x000001fc286cca60 JavaThread "Notification Thread"        daemon [_thread_blocked, id=8560, stack(0x000000131b700000,0x000000131b800000) (1024K)]
  0x000001fc2d6406f0 JavaThread "RMI TCP Accept-0"           daemon [_thread_in_native, id=6804, stack(0x000000131ba00000,0x000000131bb00000) (1024K)]
  0x000001fc2d6548f0 JavaThread "RMI TCP Accept-25864"       daemon [_thread_in_native, id=21264, stack(0x000000131bb00000,0x000000131bc00000) (1024K)]
  0x000001fc2d679660 JavaThread "RMI TCP Accept-0"           daemon [_thread_in_native, id=15588, stack(0x000000131bc00000,0x000000131bd00000) (1024K)]
  0x000001fc2d700060 JavaThread "RMI Scheduler(0)"           daemon [_thread_blocked, id=15764, stack(0x000000131be00000,0x000000131bf00000) (1024K)]
  0x000001fc2d663110 JavaThread "JMX server connection timeout 35" daemon [_thread_blocked, id=12112, stack(0x000000131c700000,0x000000131c800000) (1024K)]
  0x000001fc2da62c00 JavaThread "mysql-cj-abandoned-connection-cleanup" daemon [_thread_blocked, id=15684, stack(0x000000131ce00000,0x000000131cf00000) (1024K)]
  0x000001fc2da63290 JavaThread "HikariPool-1:housekeeper"   daemon [_thread_blocked, id=2432, stack(0x000000131d000000,0x000000131d100000) (1024K)]
  0x000001fc2edae4d0 JavaThread "Catalina-utility-1"                [_thread_blocked, id=13004, stack(0x000000131d200000,0x000000131d300000) (1024K)]
  0x000001fc2edaeb60 JavaThread "Catalina-utility-2"                [_thread_blocked, id=1980, stack(0x000000131d300000,0x000000131d400000) (1024K)]
  0x000001fc2edaf1f0 JavaThread "container-0"                       [_thread_blocked, id=13416, stack(0x000000131d400000,0x000000131d500000) (1024K)]
  0x000001fc2edade40 JavaThread "File Watcher"               daemon [_thread_blocked, id=11160, stack(0x000000131d500000,0x000000131d600000) (1024K)]
  0x000001fc2edaf880 JavaThread "Live Reload Server"         daemon [_thread_in_native, id=11944, stack(0x000000131d700000,0x000000131d800000) (1024K)]
  0x000001fc2edaff10 JavaThread "http-nio-8080-exec-1"       daemon [_thread_blocked, id=19376, stack(0x000000131d600000,0x000000131d700000) (1024K)]
  0x000001fc2edb05a0 JavaThread "http-nio-8080-exec-2"       daemon [_thread_blocked, id=21100, stack(0x000000131d800000,0x000000131d900000) (1024K)]
  0x000001fc2edb0c30 JavaThread "http-nio-8080-exec-3"       daemon [_thread_blocked, id=6536, stack(0x000000131d900000,0x000000131da00000) (1024K)]
  0x000001fc2fe29350 JavaThread "http-nio-8080-exec-4"       daemon [_thread_blocked, id=6296, stack(0x000000131da00000,0x000000131db00000) (1024K)]
  0x000001fc2fe299e0 JavaThread "http-nio-8080-exec-5"       daemon [_thread_blocked, id=19880, stack(0x000000131db00000,0x000000131dc00000) (1024K)]
  0x000001fc2fe2a070 JavaThread "http-nio-8080-exec-6"       daemon [_thread_blocked, id=19372, stack(0x000000131dc00000,0x000000131dd00000) (1024K)]
  0x000001fc2fe2b420 JavaThread "http-nio-8080-exec-7"       daemon [_thread_blocked, id=10816, stack(0x000000131dd00000,0x000000131de00000) (1024K)]
  0x000001fc2fe2a700 JavaThread "http-nio-8080-exec-8"       daemon [_thread_blocked, id=8100, stack(0x000000131de00000,0x000000131df00000) (1024K)]
  0x000001fc2fe2ad90 JavaThread "http-nio-8080-exec-9"       daemon [_thread_blocked, id=19776, stack(0x000000131df00000,0x000000131e000000) (1024K)]
  0x000001fc2fe2bab0 JavaThread "http-nio-8080-exec-10"      daemon [_thread_blocked, id=12312, stack(0x000000131e000000,0x000000131e100000) (1024K)]
  0x000001fc2fe27fa0 JavaThread "http-nio-8080-Poller"       daemon [_thread_in_native, id=11792, stack(0x000000131e100000,0x000000131e200000) (1024K)]
  0x000001fc2fe2c140 JavaThread "http-nio-8080-Acceptor"     daemon [_thread_in_native, id=10004, stack(0x000000131e200000,0x000000131e300000) (1024K)]
  0x000001fc2fe2c7d0 JavaThread "DestroyJavaVM"                     [_thread_blocked, id=12268, stack(0x000000131a600000,0x000000131a700000) (1024K)]
  0x000001fc2fe28cc0 JavaThread "RMI TCP Connection(idle)"   daemon [_thread_blocked, id=13284, stack(0x000000131e300000,0x000000131e400000) (1024K)]
Total: 35

Other Threads:
  0x000001fc2841ec20 VMThread "VM Thread"                           [id=14888, stack(0x000000131ad00000,0x000000131ae00000) (1024K)]
  0x000001fc28386580 WatcherThread "VM Periodic Task Thread"        [id=13596, stack(0x000000131ac00000,0x000000131ad00000) (1024K)]
  0x000001fc198297a0 WorkerThread "GC Thread#0"                     [id=10976, stack(0x000000131a700000,0x000000131a800000) (1024K)]
  0x000001fc2d736f70 WorkerThread "GC Thread#1"                     [id=17948, stack(0x000000131c000000,0x000000131c100000) (1024K)]
  0x000001fc2d737310 WorkerThread "GC Thread#2"                     [id=15312, stack(0x000000131c100000,0x000000131c200000) (1024K)]
=>0x000001fc2d753310 WorkerThread "GC Thread#3"                     [id=19452, stack(0x000000131c200000,0x000000131c300000) (1024K)]
  0x000001fc2d7536b0 WorkerThread "GC Thread#4"                     [id=19080, stack(0x000000131c300000,0x000000131c400000) (1024K)]
  0x000001fc2d75e280 WorkerThread "GC Thread#5"                     [id=14068, stack(0x000000131c400000,0x000000131c500000) (1024K)]
  0x000001fc2d75e620 WorkerThread "GC Thread#6"                     [id=9608, stack(0x000000131c500000,0x000000131c600000) (1024K)]
  0x000001fc2d75e9c0 WorkerThread "GC Thread#7"                     [id=12192, stack(0x000000131c600000,0x000000131c700000) (1024K)]
  0x000001fc2dc612d0 WorkerThread "GC Thread#8"                     [id=19136, stack(0x000000131ca00000,0x000000131cb00000) (1024K)]
  0x000001fc2dc65680 WorkerThread "GC Thread#9"                     [id=18660, stack(0x000000131cb00000,0x000000131cc00000) (1024K)]
  0x000001fc19853a60 ConcurrentGCThread "G1 Main Marker"            [id=20052, stack(0x000000131a800000,0x000000131a900000) (1024K)]
  0x000001fc19854470 WorkerThread "G1 Conc#0"                       [id=1448, stack(0x000000131a900000,0x000000131aa00000) (1024K)]
  0x000001fc2dc44720 WorkerThread "G1 Conc#1"                       [id=13360, stack(0x000000131cc00000,0x000000131cd00000) (1024K)]
  0x000001fc2dc43fe0 WorkerThread "G1 Conc#2"                       [id=12052, stack(0x000000131cd00000,0x000000131ce00000) (1024K)]
  0x000001fc1989e590 ConcurrentGCThread "G1 Refine#0"               [id=6032, stack(0x000000131aa00000,0x000000131ab00000) (1024K)]
  0x000001fc2825a110 ConcurrentGCThread "G1 Service"                [id=1244, stack(0x000000131ab00000,0x000000131ac00000) (1024K)]
Total: 18

Threads with active compile tasks:
Total: 0

VM state: at safepoint (normal execution)

VM Mutex/Monitor currently owned by a thread:  ([mutex/lock_event])
[0x00007fffe4992128] Threads_lock - owner thread: 0x000001fc2841ec20
[0x00007fffe4992228] Heap_lock - owner thread: 0x000001fc19853a60

Heap address: 0x0000000762200000, size: 2526 MB, Compressed Oops mode: Zero based, Oop shift amount: 3

CDS archive(s) not mapped
Compressed class space mapped at: 0x0000000800000000-0x0000000840000000, reserved size: 1073741824
Narrow klass base: 0x0000000800000000, Narrow klass shift: 0, Narrow klass range: 0x40000000

GC Precious Log:
 CardTable entry size: 512
 Card Set container configuration: InlinePtr #cards 4 size 8 Array Of Cards #cards 16 size 48 Howl #buckets 8 coarsen threshold 3686 Howl Bitmap #cards 512 size 80 coarsen threshold 460 Card regions per heap region 1 cards per card region 4096
 CPUs: 12 total, 12 available
 Memory: 10101M
 Large Page Support: Disabled
 NUMA Support: Disabled
 Compressed Oops: Enabled (Zero based)
 Heap Region Size: 2M
 Heap Min Capacity: 8M
 Heap Initial Capacity: 158M
 Heap Max Capacity: 2526M
 Pre-touch: Disabled
 Parallel Workers: 10
 Concurrent Workers: 3
 Concurrent Refinement Workers: 10
 Periodic GC: Disabled

Heap:
 garbage-first heap   total 61440K, used 33288K [0x0000000762200000, 0x0000000800000000)
  region size 2048K, 2 young (4096K), 1 survivors (2048K)
 Metaspace       used 75590K, committed 76416K, reserved 1179648K
  class space    used 10276K, committed 10624K, reserved 1048576K

Heap Regions: E=young(eden), S=young(survivor), O=old, HS=humongous(starts), HC=humongous(continues), CS=collection set, F=free, TAMS=top-at-mark-start, PB=parsable bottom
|   0|0x0000000762200000, 0x0000000762400000, 0x0000000762400000|100%| O|  |TAMS 0x0000000762400000| PB 0x0000000762200000| Untracked 
|   1|0x0000000762400000, 0x0000000762600000, 0x0000000762600000|100%| O|  |TAMS 0x0000000762600000| PB 0x0000000762400000| Untracked 
|   2|0x0000000762600000, 0x0000000762800000, 0x0000000762800000|100%| O|  |TAMS 0x0000000762800000| PB 0x0000000762600000| Untracked 
|   3|0x0000000762800000, 0x0000000762a00000, 0x0000000762a00000|100%| O|  |TAMS 0x0000000762a00000| PB 0x0000000762800000| Untracked 
|   4|0x0000000762a00000, 0x0000000762c00000, 0x0000000762c00000|100%| O|  |TAMS 0x0000000762c00000| PB 0x0000000762a00000| Untracked 
|   5|0x0000000762c00000, 0x0000000762e00000, 0x0000000762e00000|100%| O|  |TAMS 0x0000000762e00000| PB 0x0000000762c00000| Untracked 
|   6|0x0000000762e00000, 0x0000000763000000, 0x0000000763000000|100%| O|  |TAMS 0x0000000763000000| PB 0x0000000762e00000| Untracked 
|   7|0x0000000763000000, 0x0000000763200000, 0x0000000763200000|100%| O|  |TAMS 0x0000000763200000| PB 0x0000000763000000| Untracked 
|   8|0x0000000763200000, 0x0000000763400000, 0x0000000763400000|100%| O|  |TAMS 0x0000000763400000| PB 0x0000000763200000| Untracked 
|   9|0x0000000763400000, 0x0000000763600000, 0x0000000763600000|100%| O|  |TAMS 0x0000000763600000| PB 0x0000000763400000| Untracked 
|  10|0x0000000763600000, 0x0000000763800000, 0x0000000763800000|100%| O|  |TAMS 0x0000000763800000| PB 0x0000000763600000| Untracked 
|  11|0x0000000763800000, 0x0000000763a00000, 0x0000000763a00000|100%| O|  |TAMS 0x0000000763a00000| PB 0x0000000763800000| Untracked 
|  12|0x0000000763a00000, 0x0000000763c00000, 0x0000000763c00000|100%| O|  |TAMS 0x0000000763c00000| PB 0x0000000763a00000| Untracked 
|  13|0x0000000763c00000, 0x0000000763c00000, 0x0000000763e00000|  0%| F|  |TAMS 0x0000000763c00000| PB 0x0000000763c00000| Untracked 
|  14|0x0000000763e00000, 0x0000000764000000, 0x0000000764000000|100%| O|  |TAMS 0x0000000764000000| PB 0x0000000763e00000| Untracked 
|  15|0x0000000764000000, 0x0000000764200000, 0x0000000764200000|100%| O|  |TAMS 0x0000000764200000| PB 0x0000000764000000| Untracked 
|  16|0x0000000764200000, 0x0000000764397970, 0x0000000764400000| 79%| O|  |TAMS 0x0000000764397970| PB 0x0000000764200000| Untracked 
|  17|0x0000000764400000, 0x0000000764400000, 0x0000000764600000|  0%| F|  |TAMS 0x0000000764400000| PB 0x0000000764400000| Untracked 
|  18|0x0000000764600000, 0x00000007646ea790, 0x0000000764800000| 45%| S|CS|TAMS 0x0000000764600000| PB 0x0000000764600000| Complete 
|  19|0x0000000764800000, 0x0000000764800000, 0x0000000764a00000|  0%| F|  |TAMS 0x0000000764800000| PB 0x0000000764800000| Untracked 
|  20|0x0000000764a00000, 0x0000000764a00000, 0x0000000764c00000|  0%| F|  |TAMS 0x0000000764a00000| PB 0x0000000764a00000| Untracked 
|  21|0x0000000764c00000, 0x0000000764c00000, 0x0000000764e00000|  0%| F|  |TAMS 0x0000000764c00000| PB 0x0000000764c00000| Untracked 
|  22|0x0000000764e00000, 0x0000000764e00000, 0x0000000765000000|  0%| F|  |TAMS 0x0000000764e00000| PB 0x0000000764e00000| Untracked 
|  23|0x0000000765000000, 0x0000000765000000, 0x0000000765200000|  0%| F|  |TAMS 0x0000000765000000| PB 0x0000000765000000| Untracked 
|  24|0x0000000765200000, 0x0000000765200000, 0x0000000765400000|  0%| F|  |TAMS 0x0000000765200000| PB 0x0000000765200000| Untracked 
|  25|0x0000000765400000, 0x0000000765400000, 0x0000000765600000|  0%| F|  |TAMS 0x0000000765400000| PB 0x0000000765400000| Untracked 
|  26|0x0000000765600000, 0x0000000765600000, 0x0000000765800000|  0%| F|  |TAMS 0x0000000765600000| PB 0x0000000765600000| Untracked 
|  76|0x000000076ba00000, 0x000000076ba00000, 0x000000076bc00000|  0%| F|  |TAMS 0x000000076ba00000| PB 0x000000076ba00000| Untracked 
|  77|0x000000076bc00000, 0x000000076bc00000, 0x000000076be00000|  0%| F|  |TAMS 0x000000076bc00000| PB 0x000000076bc00000| Untracked 
|  78|0x000000076be00000, 0x000000076be00800, 0x000000076c000000|  0%| E|  |TAMS 0x000000076be00000| PB 0x000000076be00000| Complete 

Card table byte_map: [0x000001fc22aa0000,0x000001fc22f90000] _byte_map_base: 0x000001fc1ef8f000

Marking Bits: (CMBitMap*) 0x000001fc19829db0
 Bits: [0x000001fc22f90000, 0x000001fc25708000)

Polling page: 0x000001fc19590000

Metaspace:

Usage:
  Non-class:     63.78 MB used.
      Class:     10.04 MB used.
       Both:     73.82 MB used.

Virtual space:
  Non-class space:      128.00 MB reserved,      64.25 MB ( 50%) committed,  2 nodes.
      Class space:        1.00 GB reserved,      10.38 MB (  1%) committed,  1 nodes.
             Both:        1.12 GB reserved,      74.62 MB (  6%) committed. 

Chunk freelists:
   Non-Class:  15.16 MB
       Class:  5.63 MB
        Both:  20.78 MB

MaxMetaspaceSize: unlimited
CompressedClassSpaceSize: 1.00 GB
Initial GC threshold: 21.00 MB
Current GC threshold: 122.94 MB
CDS: off
 - commit_granule_bytes: 65536.
 - commit_granule_words: 8192.
 - virtual_space_node_default_size: 8388608.
 - enlarge_chunks_in_place: 1.
 - use_allocation_guard: 0.


Internal statistics:

num_allocs_failed_limit: 9.
num_arena_births: 1116.
num_arena_deaths: 0.
num_vsnodes_births: 3.
num_vsnodes_deaths: 0.
num_space_committed: 1194.
num_space_uncommitted: 0.
num_chunks_returned_to_freelist: 9.
num_chunks_taken_from_freelist: 3552.
num_chunk_merges: 6.
num_chunk_splits: 2532.
num_chunks_enlarged: 1918.
num_inconsistent_stats: 0.

CodeCache: size=49152Kb used=11371Kb max_used=12718Kb free=37780Kb
 bounds [0x000001fc1eb00000, 0x000001fc1f770000, 0x000001fc21b00000]
 total_blobs=7097 nmethods=6393 adapters=627
 compilation: enabled
              stopped_count=0, restarted_count=0
 full_count=0

Compilation events (20 events):
Event: 638.239 Thread 0x000001fc2847b790 6465       1       java.util.concurrent.atomic.AtomicIntegerFieldUpdater$AtomicIntegerFieldUpdaterImpl::get (17 bytes)
Event: 638.239 Thread 0x000001fc2847b790 nmethod 6465 0x000001fc1ec82190 code [0x000001fc1ec82340, 0x000001fc1ec82478]
Event: 641.763 Thread 0x000001fc2847b790 6466   !   1       org.apache.catalina.core.ContainerBase::getRealmInternal (38 bytes)
Event: 641.764 Thread 0x000001fc2847b790 nmethod 6466 0x000001fc1ec81a10 code [0x000001fc1ec81c00, 0x000001fc1ec81f30]
Event: 651.765 Thread 0x000001fc2847b790 6467   !   1       org.apache.catalina.core.ContainerBase::getClusterInternal (38 bytes)
Event: 651.766 Thread 0x000001fc2847b790 nmethod 6467 0x000001fc1ec81290 code [0x000001fc1ec81480, 0x000001fc1ec817b0]
Event: 651.766 Thread 0x000001fc2847b790 6469  s!   1       org.apache.catalina.core.ContainerBase::backgroundProcess (172 bytes)
Event: 651.768 Thread 0x000001fc2847b790 nmethod 6469 0x000001fc1ec7ff10 code [0x000001fc1ec801a0, 0x000001fc1ec80c90]
Event: 651.768 Thread 0x000001fc2847b790 6468   !   1       org.apache.catalina.core.ContainerBase$ContainerBackgroundProcessor::processChildren (202 bytes)
Event: 651.769 Thread 0x000001fc2847b790 nmethod 6468 0x000001fc1ec7e190 code [0x000001fc1ec7e4a0, 0x000001fc1ec7f488]
Event: 651.769 Thread 0x000001fc2847b790 6470       1       org.apache.catalina.core.StandardPipeline::getFirst (17 bytes)
Event: 651.769 Thread 0x000001fc2847b790 nmethod 6470 0x000001fc1ec7de90 code [0x000001fc1ec7e020, 0x000001fc1ec7e128]
Event: 651.769 Thread 0x000001fc2847b790 6471       1       org.apache.catalina.mapper.MapperListener::lifecycleEvent (180 bytes)
Event: 651.770 Thread 0x000001fc2847b790 nmethod 6471 0x000001fc1ec7cf90 code [0x000001fc1ec7d220, 0x000001fc1ec7daf0]
Event: 661.430 Thread 0x000001fc2847b790 6472       1       sun.rmi.runtime.Log$LoggerLog::log (45 bytes)
Event: 661.431 Thread 0x000001fc2847b790 nmethod 6472 0x000001fc1ec7c510 code [0x000001fc1ec7c740, 0x000001fc1ec7cc50]
Event: 706.584 Thread 0x000001fc2847b790 6474       1       com.mysql.cj.protocol.a.PacketSplitter::nextPacket (99 bytes)
Event: 706.584 Thread 0x000001fc2847b790 nmethod 6474 0x000001fc1ec7c110 code [0x000001fc1ec7c2c0, 0x000001fc1ec7c450]
Event: 706.585 Thread 0x000001fc2847b790 6473       1       com.mysql.cj.protocol.a.PacketSplitter::getOffset (5 bytes)
Event: 706.585 Thread 0x000001fc2847b790 nmethod 6473 0x000001fc1ec7be10 code [0x000001fc1ec7bfa0, 0x000001fc1ec7c068]

GC Heap History (20 events):
Event: 8.780 GC heap before
{Heap before GC invocations=13 (full 0):
 garbage-first heap   total 59392K, used 47288K [0x0000000762200000, 0x0000000800000000)
  region size 2048K, 14 young (28672K), 1 survivors (2048K)
 Metaspace       used 56363K, committed 57024K, reserved 1114112K
  class space    used 7305K, committed 7616K, reserved 1048576K
}
Event: 8.785 GC heap after
{Heap after GC invocations=14 (full 0):
 garbage-first heap   total 59392K, used 25377K [0x0000000762200000, 0x0000000800000000)
  region size 2048K, 2 young (4096K), 2 survivors (4096K)
 Metaspace       used 56363K, committed 57024K, reserved 1114112K
  class space    used 7305K, committed 7616K, reserved 1048576K
}
Event: 9.106 GC heap before
{Heap before GC invocations=14 (full 0):
 garbage-first heap   total 59392K, used 31521K [0x0000000762200000, 0x0000000800000000)
  region size 2048K, 6 young (12288K), 2 survivors (4096K)
 Metaspace       used 59436K, committed 60096K, reserved 1114112K
  class space    used 7786K, committed 8064K, reserved 1048576K
}
Event: 9.111 GC heap after
{Heap after GC invocations=15 (full 0):
 garbage-first heap   total 59392K, used 26108K [0x0000000762200000, 0x0000000800000000)
  region size 2048K, 1 young (2048K), 1 survivors (2048K)
 Metaspace       used 59436K, committed 60096K, reserved 1114112K
  class space    used 7786K, committed 8064K, reserved 1048576K
}
Event: 10.093 GC heap before
{Heap before GC invocations=16 (full 0):
 garbage-first heap   total 59392K, used 48636K [0x0000000762200000, 0x0000000800000000)
  region size 2048K, 13 young (26624K), 1 survivors (2048K)
 Metaspace       used 64995K, committed 65728K, reserved 1114112K
  class space    used 8705K, committed 9024K, reserved 1048576K
}
Event: 10.096 GC heap after
{Heap after GC invocations=17 (full 0):
 garbage-first heap   total 59392K, used 26741K [0x0000000762200000, 0x0000000800000000)
  region size 2048K, 1 young (2048K), 1 survivors (2048K)
 Metaspace       used 64995K, committed 65728K, reserved 1114112K
  class space    used 8705K, committed 9024K, reserved 1048576K
}
Event: 11.017 GC heap before
{Heap before GC invocations=17 (full 0):
 garbage-first heap   total 59392K, used 51317K [0x0000000762200000, 0x0000000800000000)
  region size 2048K, 13 young (26624K), 1 survivors (2048K)
 Metaspace       used 70144K, committed 70848K, reserved 1114112K
  class space    used 9400K, committed 9728K, reserved 1048576K
}
Event: 11.027 GC heap after
{Heap after GC invocations=18 (full 0):
 garbage-first heap   total 59392K, used 28120K [0x0000000762200000, 0x0000000800000000)
  region size 2048K, 2 young (4096K), 2 survivors (4096K)
 Metaspace       used 70144K, committed 70848K, reserved 1114112K
  class space    used 9400K, committed 9728K, reserved 1048576K
}
Event: 11.792 GC heap before
{Heap before GC invocations=18 (full 0):
 garbage-first heap   total 59392K, used 48600K [0x0000000762200000, 0x0000000800000000)
  region size 2048K, 12 young (24576K), 2 survivors (4096K)
 Metaspace       used 71260K, committed 72064K, reserved 1114112K
  class space    used 9580K, committed 9920K, reserved 1048576K
}
Event: 11.798 GC heap after
{Heap after GC invocations=19 (full 0):
 garbage-first heap   total 59392K, used 29746K [0x0000000762200000, 0x0000000800000000)
  region size 2048K, 2 young (4096K), 2 survivors (4096K)
 Metaspace       used 71260K, committed 72064K, reserved 1114112K
  class space    used 9580K, committed 9920K, reserved 1048576K
}
Event: 12.507 GC heap before
{Heap before GC invocations=19 (full 0):
 garbage-first heap   total 59392K, used 48178K [0x0000000762200000, 0x0000000800000000)
  region size 2048K, 12 young (24576K), 2 survivors (4096K)
 Metaspace       used 73275K, committed 73984K, reserved 1114112K
  class space    used 9867K, committed 10176K, reserved 1048576K
}
Event: 12.512 GC heap after
{Heap after GC invocations=20 (full 0):
 garbage-first heap   total 59392K, used 31455K [0x0000000762200000, 0x0000000800000000)
  region size 2048K, 2 young (4096K), 2 survivors (4096K)
 Metaspace       used 73275K, committed 73984K, reserved 1114112K
  class space    used 9867K, committed 10176K, reserved 1048576K
}
Event: 13.051 GC heap before
{Heap before GC invocations=20 (full 0):
 garbage-first heap   total 59392K, used 49887K [0x0000000762200000, 0x0000000800000000)
  region size 2048K, 11 young (22528K), 2 survivors (4096K)
 Metaspace       used 74701K, committed 75456K, reserved 1179648K
  class space    used 10081K, committed 10432K, reserved 1048576K
}
Event: 13.057 GC heap after
{Heap after GC invocations=21 (full 0):
 garbage-first heap   total 59392K, used 32821K [0x0000000762200000, 0x0000000800000000)
  region size 2048K, 2 young (4096K), 2 survivors (4096K)
 Metaspace       used 74701K, committed 75456K, reserved 1179648K
  class space    used 10081K, committed 10432K, reserved 1048576K
}
Event: 73.597 GC heap before
{Heap before GC invocations=22 (full 0):
 garbage-first heap   total 61440K, used 49205K [0x0000000762200000, 0x0000000800000000)
  region size 2048K, 10 young (20480K), 2 survivors (4096K)
 Metaspace       used 75589K, committed 76416K, reserved 1179648K
  class space    used 10276K, committed 10624K, reserved 1048576K
}
Event: 73.608 GC heap after
{Heap after GC invocations=23 (full 0):
 garbage-first heap   total 61440K, used 33901K [0x0000000762200000, 0x0000000800000000)
  region size 2048K, 2 young (4096K), 2 survivors (4096K)
 Metaspace       used 75589K, committed 76416K, reserved 1179648K
  class space    used 10276K, committed 10624K, reserved 1048576K
}
Event: 382.991 GC heap before
{Heap before GC invocations=23 (full 0):
 garbage-first heap   total 61440K, used 50285K [0x0000000762200000, 0x0000000800000000)
  region size 2048K, 10 young (20480K), 2 survivors (4096K)
 Metaspace       used 75590K, committed 76416K, reserved 1179648K
  class space    used 10276K, committed 10624K, reserved 1048576K
}
Event: 382.998 GC heap after
{Heap after GC invocations=24 (full 0):
 garbage-first heap   total 61440K, used 33430K [0x0000000762200000, 0x0000000800000000)
  region size 2048K, 1 young (2048K), 1 survivors (2048K)
 Metaspace       used 75590K, committed 76416K, reserved 1179648K
  class space    used 10276K, committed 10624K, reserved 1048576K
}
Event: 774.508 GC heap before
{Heap before GC invocations=24 (full 0):
 garbage-first heap   total 61440K, used 53910K [0x0000000762200000, 0x0000000800000000)
  region size 2048K, 11 young (22528K), 1 survivors (2048K)
 Metaspace       used 75590K, committed 76416K, reserved 1179648K
  class space    used 10276K, committed 10624K, reserved 1048576K
}
Event: 774.513 GC heap after
{Heap after GC invocations=25 (full 0):
 garbage-first heap   total 61440K, used 33288K [0x0000000762200000, 0x0000000800000000)
  region size 2048K, 1 young (2048K), 1 survivors (2048K)
 Metaspace       used 75590K, committed 76416K, reserved 1179648K
  class space    used 10276K, committed 10624K, reserved 1048576K
}

Dll operation events (11 events):
Event: 0.017 Loaded shared library C:\Users\hyvom\Downloads\spring-tool-suite-4-4.23.1.RELEASE-e4.32.0-win32.win32.x86_64.self-extracting\contents\sts-4.23.1.RELEASE\plugins\org.eclipse.justj.openjdk.hotspot.jre.full.win32.x86_64_21.0.3.v20240426-1530\jre\bin\java.dll
Event: 0.029 Loaded shared library C:\Users\hyvom\Downloads\spring-tool-suite-4-4.23.1.RELEASE-e4.32.0-win32.win32.x86_64.self-extracting\contents\sts-4.23.1.RELEASE\plugins\org.eclipse.justj.openjdk.hotspot.jre.full.win32.x86_64_21.0.3.v20240426-1530\jre\bin\zip.dll
Event: 0.368 Loaded shared library C:\Users\hyvom\Downloads\spring-tool-suite-4-4.23.1.RELEASE-e4.32.0-win32.win32.x86_64.self-extracting\contents\sts-4.23.1.RELEASE\plugins\org.eclipse.justj.openjdk.hotspot.jre.full.win32.x86_64_21.0.3.v20240426-1530\jre\bin\jimage.d
Event: 0.398 Loaded shared library C:\Users\hyvom\Downloads\spring-tool-suite-4-4.23.1.RELEASE-e4.32.0-win32.win32.x86_64.self-extracting\contents\sts-4.23.1.RELEASE\plugins\org.eclipse.justj.openjdk.hotspot.jre.full.win32.x86_64_21.0.3.v20240426-1530\jre\bin\net.dll
Event: 0.403 Loaded shared library C:\Users\hyvom\Downloads\spring-tool-suite-4-4.23.1.RELEASE-e4.32.0-win32.win32.x86_64.self-extracting\contents\sts-4.23.1.RELEASE\plugins\org.eclipse.justj.openjdk.hotspot.jre.full.win32.x86_64_21.0.3.v20240426-1530\jre\bin\nio.dll
Event: 0.412 Loaded shared library C:\Users\hyvom\Downloads\spring-tool-suite-4-4.23.1.RELEASE-e4.32.0-win32.win32.x86_64.self-extracting\contents\sts-4.23.1.RELEASE\plugins\org.eclipse.justj.openjdk.hotspot.jre.full.win32.x86_64_21.0.3.v20240426-1530\jre\bin\zip.dll
Event: 0.538 Loaded shared library C:\Users\hyvom\Downloads\spring-tool-suite-4-4.23.1.RELEASE-e4.32.0-win32.win32.x86_64.self-extracting\contents\sts-4.23.1.RELEASE\plugins\org.eclipse.justj.openjdk.hotspot.jre.full.win32.x86_64_21.0.3.v20240426-1530\jre\bin\manageme
Event: 0.573 Loaded shared library C:\Users\hyvom\Downloads\spring-tool-suite-4-4.23.1.RELEASE-e4.32.0-win32.win32.x86_64.self-extracting\contents\sts-4.23.1.RELEASE\plugins\org.eclipse.justj.openjdk.hotspot.jre.full.win32.x86_64_21.0.3.v20240426-1530\jre\bin\manageme
Event: 1.046 Loaded shared library C:\Users\hyvom\Downloads\spring-tool-suite-4-4.23.1.RELEASE-e4.32.0-win32.win32.x86_64.self-extracting\contents\sts-4.23.1.RELEASE\plugins\org.eclipse.justj.openjdk.hotspot.jre.full.win32.x86_64_21.0.3.v20240426-1530\jre\bin\extnet.d
Event: 3.280 Loaded shared library C:\Users\hyvom\Downloads\spring-tool-suite-4-4.23.1.RELEASE-e4.32.0-win32.win32.x86_64.self-extracting\contents\sts-4.23.1.RELEASE\plugins\org.eclipse.justj.openjdk.hotspot.jre.full.win32.x86_64_21.0.3.v20240426-1530\jre\bin\sunmscap
Event: 7.241 Loaded shared library C:\Users\hyvom\Downloads\spring-tool-suite-4-4.23.1.RELEASE-e4.32.0-win32.win32.x86_64.self-extracting\contents\sts-4.23.1.RELEASE\plugins\org.eclipse.justj.openjdk.hotspot.jre.full.win32.x86_64_21.0.3.v20240426-1530\jre\bin\verify.d

Deoptimization events (4 events):
Event: 5.513 Thread 0x000001fc2da63fb0 DEOPT PACKING pc=0x000001fc1f385c3c sp=0x000000131c9fbce0
Event: 5.513 Thread 0x000001fc2da63fb0 DEOPT UNPACKING pc=0x000001fc1eb54e42 sp=0x000000131c9fb288 mode 0
Event: 5.513 Thread 0x000001fc2da63fb0 DEOPT PACKING pc=0x000001fc1f311c94 sp=0x000000131c9fbee0
Event: 5.513 Thread 0x000001fc2da63fb0 DEOPT UNPACKING pc=0x000001fc1eb54e42 sp=0x000000131c9fb3a0 mode 0

Classes loaded (20 events):
Event: 13.472 Loading class com/sun/beans/util/Cache$Kind$3
Event: 13.472 Loading class com/sun/beans/util/Cache$Kind$3 done
Event: 13.472 Loading class com/sun/beans/util/Cache$CacheEntry
Event: 13.472 Loading class com/sun/beans/util/Cache$CacheEntry done
Event: 13.941 Loading class javax/management/remote/rmi/RMIConnectionImpl$6
Event: 13.941 Loading class javax/management/remote/rmi/RMIConnectionImpl$6 done
Event: 13.941 Loading class javax/management/remote/rmi/RMIConnectionImpl$7
Event: 13.942 Loading class javax/management/remote/rmi/RMIConnectionImpl$7 done
Event: 13.942 Loading class com/sun/jmx/remote/util/OrderClassLoaders
Event: 13.942 Loading class com/sun/jmx/remote/util/OrderClassLoaders done
Event: 13.942 Loading class javax/management/remote/rmi/RMIConnectionImpl$SetCcl
Event: 13.942 Loading class javax/management/remote/rmi/RMIConnectionImpl$SetCcl done
Event: 13.942 Loading class java/rmi/MarshalledObject$MarshalledObjectInputStream
Event: 13.942 Loading class java/rmi/MarshalledObject$MarshalledObjectInputStream done
Event: 13.947 Loading class java/rmi/server/UnicastRemoteObject
Event: 13.948 Loading class java/rmi/server/UnicastRemoteObject done
Event: 13.948 Loading class java/util/Vector$1
Event: 13.948 Loading class java/util/Vector$1 done
Event: 14.682 Loading class java/util/concurrent/locks/ReentrantReadWriteLock$Sync$HoldCounter
Event: 14.683 Loading class java/util/concurrent/locks/ReentrantReadWriteLock$Sync$HoldCounter done

Classes unloaded (20 events):
Event: 774.548 Thread 0x000001fc2841ec20 Unloading class 0x0000000800142c00 'jdk/internal/reflect/GeneratedSerializationConstructorAccessor3'
Event: 774.548 Thread 0x000001fc2841ec20 Unloading class 0x0000000800142800 'jdk/internal/reflect/GeneratedSerializationConstructorAccessor2'
Event: 774.548 Thread 0x000001fc2841ec20 Unloading class 0x0000000800142400 'jdk/internal/reflect/GeneratedSerializationConstructorAccessor1'
Event: 774.548 Thread 0x000001fc2841ec20 Unloading class 0x0000000800141400 'java/lang/invoke/LambdaForm$DMH+0x0000000800141400'
Event: 774.548 Thread 0x000001fc2841ec20 Unloading class 0x0000000800140c00 'java/lang/invoke/LambdaForm$DMH+0x0000000800140c00'
Event: 774.548 Thread 0x000001fc2841ec20 Unloading class 0x00000008000c8800 'java/lang/invoke/LambdaForm$DMH+0x00000008000c8800'
Event: 774.548 Thread 0x000001fc2841ec20 Unloading class 0x00000008000c8400 'java/lang/invoke/LambdaForm$DMH+0x00000008000c8400'
Event: 774.548 Thread 0x000001fc2841ec20 Unloading class 0x00000008000c7400 'java/lang/invoke/LambdaForm$MH+0x00000008000c7400'
Event: 774.548 Thread 0x000001fc2841ec20 Unloading class 0x00000008000c6800 'java/lang/invoke/LambdaForm$MH+0x00000008000c6800'
Event: 774.548 Thread 0x000001fc2841ec20 Unloading class 0x00000008000c6400 'java/lang/invoke/LambdaForm$MH+0x00000008000c6400'
Event: 774.548 Thread 0x000001fc2841ec20 Unloading class 0x00000008000c6000 'java/lang/invoke/LambdaForm$MH+0x00000008000c6000'
Event: 774.548 Thread 0x000001fc2841ec20 Unloading class 0x00000008000c5800 'java/lang/invoke/LambdaForm$MH+0x00000008000c5800'
Event: 774.548 Thread 0x000001fc2841ec20 Unloading class 0x00000008000c4c00 'java/lang/invoke/LambdaForm$MH+0x00000008000c4c00'
Event: 774.548 Thread 0x000001fc2841ec20 Unloading class 0x00000008000c3800 'java/lang/invoke/LambdaForm$MH+0x00000008000c3800'
Event: 774.548 Thread 0x000001fc2841ec20 Unloading class 0x00000008000c3400 'java/lang/invoke/LambdaForm$MH+0x00000008000c3400'
Event: 774.548 Thread 0x000001fc2841ec20 Unloading class 0x00000008000c2c00 'java/lang/invoke/LambdaForm$MH+0x00000008000c2c00'
Event: 774.548 Thread 0x000001fc2841ec20 Unloading class 0x00000008000c2000 'java/lang/invoke/LambdaForm$MH+0x00000008000c2000'
Event: 774.548 Thread 0x000001fc2841ec20 Unloading class 0x00000008000c1800 'java/lang/invoke/LambdaForm$MH+0x00000008000c1800'
Event: 774.548 Thread 0x000001fc2841ec20 Unloading class 0x00000008000c1000 'java/lang/invoke/LambdaForm$MH+0x00000008000c1000'
Event: 774.548 Thread 0x000001fc2841ec20 Unloading class 0x00000008000c0800 'java/lang/invoke/LambdaForm$MH+0x00000008000c0800'

Classes redefined (0 events):
No events

Internal exceptions (20 events):
Event: 10.031 Thread 0x000001fc2da63fb0 Exception <a 'java/lang/NoSuchMethodError'{0x00000007642716b8}: 'java.lang.Object java.lang.invoke.Invokers$Holder.linkToTargetMethod(java.lang.Object, java.lang.Object, java.lang.Object, java.lang.Object, java.lang.Object, java.lang.Object, int, java.lang.Object)'> (0x00000007642716b8) 
thrown [s\src\hotspot\share\interpreter\linkResolver.cpp, line 773]
Event: 10.077 Thread 0x000001fc2da63fb0 Exception <a 'java/lang/NoSuchMethodError'{0x000000076438aa28}: 'java.lang.Object java.lang.invoke.DirectMethodHandle$Holder.newInvokeSpecial(java.lang.Object, java.lang.Object, int, java.lang.Object, int, java.lang.Object, java.lang.Object)'> (0x000000076438aa28) 
thrown [s\src\hotspot\share\interpreter\linkResolver.cpp, line 773]
Event: 10.341 Thread 0x000001fc2da63fb0 Exception <a 'java/lang/NoSuchMethodError'{0x000000076baf59d8}: 'java.lang.Object java.lang.invoke.DirectMethodHandle$Holder.invokeSpecial(java.lang.Object, java.lang.Object, int, java.lang.Object, int)'> (0x000000076baf59d8) 
thrown [s\src\hotspot\share\interpreter\linkResolver.cpp, line 773]
Event: 10.503 Thread 0x000001fc2da63fb0 Exception <a 'java/lang/IncompatibleClassChangeError'{0x000000076504b238}: Found class java.lang.Object, but interface was expected> (0x000000076504b238) 
thrown [s\src\hotspot\share\interpreter\linkResolver.cpp, line 840]
Event: 10.583 Thread 0x000001fc2da63fb0 Exception <a 'java/lang/IncompatibleClassChangeError'{0x0000000764e544b8}: Found class java.lang.Object, but interface was expected> (0x0000000764e544b8) 
thrown [s\src\hotspot\share\interpreter\linkResolver.cpp, line 840]
Event: 10.709 Thread 0x000001fc2da63fb0 Exception <a 'java/lang/IncompatibleClassChangeError'{0x0000000764a27298}: Found class java.lang.Object, but interface was expected> (0x0000000764a27298) 
thrown [s\src\hotspot\share\interpreter\linkResolver.cpp, line 840]
Event: 10.905 Thread 0x000001fc2da63fb0 Exception <a 'java/lang/IncompatibleClassChangeError'{0x0000000764769ea8}: Found class java.lang.Object, but interface was expected> (0x0000000764769ea8) 
thrown [s\src\hotspot\share\interpreter\linkResolver.cpp, line 840]
Event: 10.906 Thread 0x000001fc2da63fb0 Exception <a 'java/lang/IncompatibleClassChangeError'{0x000000076476f908}: Found class java.lang.Object, but interface was expected> (0x000000076476f908) 
thrown [s\src\hotspot\share\interpreter\linkResolver.cpp, line 840]
Event: 11.328 Thread 0x000001fc2da63fb0 Exception <a 'java/lang/NoSuchMethodError'{0x0000000765443240}: 'long java.lang.invoke.DirectMethodHandle$Holder.invokeVirtual(java.lang.Object, java.lang.Object)'> (0x0000000765443240) 
thrown [s\src\hotspot\share\interpreter\linkResolver.cpp, line 773]
Event: 11.338 Thread 0x000001fc2da63fb0 Exception <a 'java/io/FileNotFoundException'{0x0000000765475658}> (0x0000000765475658) 
thrown [s\src\hotspot\share\prims\jni.cpp, line 520]
Event: 11.394 Thread 0x000001fc2da63fb0 Exception <a 'java/lang/NoSuchMethodError'{0x0000000765597f40}: 'void java.lang.invoke.DirectMethodHandle$Holder.invokeVirtual(java.lang.Object, java.lang.Object, long)'> (0x0000000765597f40) 
thrown [s\src\hotspot\share\interpreter\linkResolver.cpp, line 773]
Event: 11.439 Thread 0x000001fc2da63fb0 Exception <a 'java/lang/NoSuchMethodError'{0x00000007653364a8}: 'void java.lang.invoke.Invokers$Holder.invokeExact_MT(java.lang.Object, java.lang.Object, java.lang.Object, java.lang.Object)'> (0x00000007653364a8) 
thrown [s\src\hotspot\share\interpreter\linkResolver.cpp, line 773]
Event: 11.688 Thread 0x000001fc2da63fb0 Exception <a 'java/lang/NoSuchMethodError'{0x0000000764ba6fd8}: 'int java.lang.invoke.DirectMethodHandle$Holder.invokeStaticInit(java.lang.Object, int, java.lang.Object, java.lang.Object, java.lang.Object, java.lang.Object)'> (0x0000000764ba6fd8) 
thrown [s\src\hotspot\share\interpreter\linkResolver.cpp, line 773]
Event: 11.827 Thread 0x000001fc2da63fb0 Exception <a 'java/lang/NoSuchMethodError'{0x000000076bebce50}: 'java.lang.Object java.lang.invoke.DirectMethodHandle$Holder.newInvokeSpecial(java.lang.Object, java.lang.Object, java.lang.Object, java.lang.Object, java.lang.Object, java.lang.Object, java.lang.Object, java.lang.Object)'> (0x000000076bebce50) 
thrown [s\src\hotspot\share\interpreter\linkResolver.cpp, line 773]
Event: 12.539 Thread 0x000001fc2da63fb0 Exception <a 'java/lang/IncompatibleClassChangeError'{0x000000076bedc068}: Found class java.lang.Object, but interface was expected> (0x000000076bedc068) 
thrown [s\src\hotspot\share\interpreter\linkResolver.cpp, line 840]
Event: 12.881 Thread 0x000001fc2da63fb0 Exception <a 'java/lang/NoSuchMethodError'{0x0000000764e19b58}: 'int java.lang.invoke.DirectMethodHandle$Holder.invokeStaticInit(java.lang.Object, java.lang.Object, java.lang.Object, java.lang.Object)'> (0x0000000764e19b58) 
thrown [s\src\hotspot\share\interpreter\linkResolver.cpp, line 773]
Event: 13.023 Thread 0x000001fc2da63fb0 Exception <a 'java/lang/IncompatibleClassChangeError'{0x0000000764ae5338}: Found class java.lang.Object, but interface was expected> (0x0000000764ae5338) 
thrown [s\src\hotspot\share\interpreter\linkResolver.cpp, line 840]
Event: 13.102 Thread 0x000001fc2da63fb0 Exception <a 'java/lang/NoSuchMethodError'{0x000000076bedebb8}: 'java.lang.Object java.lang.invoke.Invokers$Holder.invoke_MT(java.lang.Object, java.lang.Object, java.lang.Object, java.lang.Object, java.lang.Object, java.lang.Object, java.lang.Object, java.lang.Object, java.lang.Object, java.lang.Object, java.lang.Object)'> (0x000000076bedebb8) 
thrown [s\src\hotspot\share\interpreter\linkResolver.cpp, line 773]
Event: 13.391 Thread 0x000001fc2da63fb0 Exception <a 'java/lang/NoSuchMethodError'{0x0000000765548480}: 'java.lang.Object java.lang.invoke.DirectMethodHandle$Holder.newInvokeSpecial(java.lang.Object, java.lang.Object, int, java.lang.Object, java.lang.Object)'> (0x0000000765548480) 
thrown [s\src\hotspot\share\interpreter\linkResolver.cpp, line 773]
Event: 13.936 Thread 0x000001fc2d7076b0 Exception <a 'java/lang/NoSuchMethodError'{0x0000000765002f38}: 'java.lang.Object java.lang.invoke.DirectMethodHandle$Holder.invokeInterface(java.lang.Object, java.lang.Object, java.lang.Object, java.lang.Object, java.lang.Object, java.lang.Object, java.lang.Object)'> (0x0000000765002f38) 
thrown [s\src\hotspot\share\interpreter\linkResolver.cpp, line 773]

ZGC Phase Switch (0 events):
No events

VM Operations (20 events):
Event: 201.995 Executing VM operation: Cleanup done
Event: 204.015 Executing VM operation: Cleanup
Event: 204.015 Executing VM operation: Cleanup done
Event: 271.567 Executing VM operation: Cleanup
Event: 271.567 Executing VM operation: Cleanup done
Event: 382.991 Executing VM operation: G1CollectForAllocation (G1 Evacuation Pause)
Event: 382.998 Executing VM operation: G1CollectForAllocation (G1 Evacuation Pause) done
Event: 482.327 Executing VM operation: Cleanup
Event: 482.327 Executing VM operation: Cleanup done
Event: 506.543 Executing VM operation: Cleanup
Event: 506.543 Executing VM operation: Cleanup done
Event: 524.717 Executing VM operation: Cleanup
Event: 524.717 Executing VM operation: Cleanup done
Event: 602.254 Executing VM operation: Cleanup
Event: 602.254 Executing VM operation: Cleanup done
Event: 662.708 Executing VM operation: Cleanup
Event: 662.708 Executing VM operation: Cleanup done
Event: 774.508 Executing VM operation: G1CollectForAllocation (G1 Evacuation Pause)
Event: 774.513 Executing VM operation: G1CollectForAllocation (G1 Evacuation Pause) done
Event: 774.546 Executing VM operation: G1PauseRemark

Events (20 events):
Event: 13.918 Thread 0x000001fc2fe27910 Thread added: 0x000001fc2fe27910
Event: 13.921 Thread 0x000001fc2fe28cc0 Thread added: 0x000001fc2fe28cc0
Event: 13.924 Thread 0x000001fc2fe28630 Thread added: 0x000001fc2fe28630
Event: 13.930 Thread 0x000001fc2fe26560 Thread added: 0x000001fc2fe26560
Event: 13.930 Thread 0x000001fc2fe2db80 Thread added: 0x000001fc2fe2db80
Event: 13.932 Thread 0x000001fc2fe26bf0 Thread added: 0x000001fc2fe26bf0
Event: 13.940 Thread 0x000001fc2fe27280 Thread added: 0x000001fc2fe27280
Event: 13.949 Thread 0x000001fc2fe26bf0 Thread exited: 0x000001fc2fe26bf0
Event: 13.950 Thread 0x000001fc2fe2db80 Thread exited: 0x000001fc2fe2db80
Event: 14.993 Thread 0x000001fc2fe27280 Thread exited: 0x000001fc2fe27280
Event: 14.993 Thread 0x000001fc2fe2d4f0 Thread exited: 0x000001fc2fe2d4f0
Event: 18.459 Thread 0x000001fc2d435b10 Thread exited: 0x000001fc2d435b10
Event: 18.459 Thread 0x000001fc2d4361c0 Thread exited: 0x000001fc2d4361c0
Event: 19.061 Thread 0x000001fc28663280 Thread exited: 0x000001fc28663280
Event: 91.237 Thread 0x000001fc2d68c2d0 Thread exited: 0x000001fc2d68c2d0
Event: 91.237 Thread 0x000001fc2fe2ce60 Thread exited: 0x000001fc2fe2ce60
Event: 91.237 Thread 0x000001fc2fe27910 Thread exited: 0x000001fc2fe27910
Event: 91.280 Thread 0x000001fc2fe28630 Thread exited: 0x000001fc2fe28630
Event: 91.283 Thread 0x000001fc2fe26560 Thread exited: 0x000001fc2fe26560
Event: 91.283 Thread 0x000001fc2d7076b0 Thread exited: 0x000001fc2d7076b0


Dynamic libraries:
0x00007ff63c370000 - 0x00007ff63c37e000 	C:\Users\hyvom\Downloads\spring-tool-suite-4-4.23.1.RELEASE-e4.32.0-win32.win32.x86_64.self-extracting\contents\sts-4.23.1.RELEASE\plugins\org.eclipse.justj.openjdk.hotspot.jre.full.win32.x86_64_21.0.3.v20240426-1530\jre\bin\javaw.exe
0x00007ff8220b0000 - 0x00007ff8222a8000 	C:\Windows\SYSTEM32\ntdll.dll
0x00007ff820c30000 - 0x00007ff820cf2000 	C:\Windows\System32\KERNEL32.DLL
0x00007ff81fb00000 - 0x00007ff81fdf6000 	C:\Windows\System32\KERNELBASE.dll
0x00007ff81f740000 - 0x00007ff81f840000 	C:\Windows\System32\ucrtbase.dll
0x00007ff815000000 - 0x00007ff815018000 	C:\Users\hyvom\Downloads\spring-tool-suite-4-4.23.1.RELEASE-e4.32.0-win32.win32.x86_64.self-extracting\contents\sts-4.23.1.RELEASE\plugins\org.eclipse.justj.openjdk.hotspot.jre.full.win32.x86_64_21.0.3.v20240426-1530\jre\bin\jli.dll
0x00007ff806a40000 - 0x00007ff806a5b000 	C:\Users\hyvom\Downloads\spring-tool-suite-4-4.23.1.RELEASE-e4.32.0-win32.win32.x86_64.self-extracting\contents\sts-4.23.1.RELEASE\plugins\org.eclipse.justj.openjdk.hotspot.jre.full.win32.x86_64_21.0.3.v20240426-1530\jre\bin\VCRUNTIME140.dll
0x00007ff820da0000 - 0x00007ff820f41000 	C:\Windows\System32\USER32.dll
0x00007ff81fa50000 - 0x00007ff81fa72000 	C:\Windows\System32\win32u.dll
0x00007ff80e960000 - 0x00007ff80ebfb000 	C:\Windows\WinSxS\amd64_microsoft.windows.common-controls_6595b64144ccf1df_6.0.19041.6456_none_60b8a6cb71f64256\COMCTL32.dll
0x00007ff820c00000 - 0x00007ff820c2b000 	C:\Windows\System32\GDI32.dll
0x00007ff820130000 - 0x00007ff8201ce000 	C:\Windows\System32\msvcrt.dll
0x00007ff81fe90000 - 0x00007ff81ffa9000 	C:\Windows\System32\gdi32full.dll
0x00007ff820030000 - 0x00007ff8200cd000 	C:\Windows\System32\msvcp_win.dll
0x00007ff821aa0000 - 0x00007ff821acf000 	C:\Windows\System32\IMM32.DLL
0x00007ff81b9f0000 - 0x00007ff81b9fc000 	C:\Users\hyvom\Downloads\spring-tool-suite-4-4.23.1.RELEASE-e4.32.0-win32.win32.x86_64.self-extracting\contents\sts-4.23.1.RELEASE\plugins\org.eclipse.justj.openjdk.hotspot.jre.full.win32.x86_64_21.0.3.v20240426-1530\jre\bin\vcruntime140_1.dll
0x00007fffdfbc0000 - 0x00007fffdfc4e000 	C:\Users\hyvom\Downloads\spring-tool-suite-4-4.23.1.RELEASE-e4.32.0-win32.win32.x86_64.self-extracting\contents\sts-4.23.1.RELEASE\plugins\org.eclipse.justj.openjdk.hotspot.jre.full.win32.x86_64_21.0.3.v20240426-1530\jre\bin\msvcp140.dll
0x00007fffe3cf0000 - 0x00007fffe4a72000 	C:\Users\hyvom\Downloads\spring-tool-suite-4-4.23.1.RELEASE-e4.32.0-win32.win32.x86_64.self-extracting\contents\sts-4.23.1.RELEASE\plugins\org.eclipse.justj.openjdk.hotspot.jre.full.win32.x86_64_21.0.3.v20240426-1530\jre\bin\server\jvm.dll
0x00007ff820f50000 - 0x00007ff821001000 	C:\Windows\System32\ADVAPI32.dll
0x00007ff8202f0000 - 0x00007ff82038f000 	C:\Windows\System32\sechost.dll
0x00007ff821860000 - 0x00007ff821980000 	C:\Windows\System32\RPCRT4.dll
0x00007ff81fa80000 - 0x00007ff81faa7000 	C:\Windows\System32\bcrypt.dll
0x00007ff8201d0000 - 0x00007ff82023b000 	C:\Windows\System32\WS2_32.dll
0x00007ff81f480000 - 0x00007ff81f4cb000 	C:\Windows\SYSTEM32\POWRPROF.dll
0x00007ff8176c0000 - 0x00007ff8176e7000 	C:\Windows\SYSTEM32\WINMM.dll
0x00007ff8176a0000 - 0x00007ff8176aa000 	C:\Windows\SYSTEM32\VERSION.dll
0x00007ff81f460000 - 0x00007ff81f472000 	C:\Windows\SYSTEM32\UMPDC.dll
0x00007ff81d570000 - 0x00007ff81d582000 	C:\Windows\SYSTEM32\kernel.appcore.dll
0x00007ff8185c0000 - 0x00007ff8185ca000 	C:\Users\hyvom\Downloads\spring-tool-suite-4-4.23.1.RELEASE-e4.32.0-win32.win32.x86_64.self-extracting\contents\sts-4.23.1.RELEASE\plugins\org.eclipse.justj.openjdk.hotspot.jre.full.win32.x86_64_21.0.3.v20240426-1530\jre\bin\jimage.dll
0x00007ff812660000 - 0x00007ff812861000 	C:\Windows\SYSTEM32\DBGHELP.DLL
0x00007ff8125b0000 - 0x00007ff8125e4000 	C:\Windows\SYSTEM32\dbgcore.DLL
0x00007ff81fe00000 - 0x00007ff81fe82000 	C:\Windows\System32\bcryptPrimitives.dll
0x00007ff8147b0000 - 0x00007ff8147cf000 	C:\Users\hyvom\Downloads\spring-tool-suite-4-4.23.1.RELEASE-e4.32.0-win32.win32.x86_64.self-extracting\contents\sts-4.23.1.RELEASE\plugins\org.eclipse.justj.openjdk.hotspot.jre.full.win32.x86_64_21.0.3.v20240426-1530\jre\bin\java.dll
0x00007ff80bc40000 - 0x00007ff80bc58000 	C:\Users\hyvom\Downloads\spring-tool-suite-4-4.23.1.RELEASE-e4.32.0-win32.win32.x86_64.self-extracting\contents\sts-4.23.1.RELEASE\plugins\org.eclipse.justj.openjdk.hotspot.jre.full.win32.x86_64_21.0.3.v20240426-1530\jre\bin\zip.dll
0x00007ff821010000 - 0x00007ff821780000 	C:\Windows\System32\SHELL32.dll
0x00007ff81d770000 - 0x00007ff81df15000 	C:\Windows\SYSTEM32\windows.storage.dll
0x00007ff820890000 - 0x00007ff820be4000 	C:\Windows\System32\combase.dll
0x00007ff81efb0000 - 0x00007ff81efdb000 	C:\Windows\SYSTEM32\Wldp.dll
0x00007ff820670000 - 0x00007ff82073d000 	C:\Windows\System32\OLEAUT32.dll
0x00007ff821fc0000 - 0x00007ff82206d000 	C:\Windows\System32\SHCORE.dll
0x00007ff8200d0000 - 0x00007ff82012b000 	C:\Windows\System32\shlwapi.dll
0x00007ff81f670000 - 0x00007ff81f694000 	C:\Windows\SYSTEM32\profapi.dll
0x00007ff814ff0000 - 0x00007ff815000000 	C:\Users\hyvom\Downloads\spring-tool-suite-4-4.23.1.RELEASE-e4.32.0-win32.win32.x86_64.self-extracting\contents\sts-4.23.1.RELEASE\plugins\org.eclipse.justj.openjdk.hotspot.jre.full.win32.x86_64_21.0.3.v20240426-1530\jre\bin\net.dll
0x00007ff819760000 - 0x00007ff81986a000 	C:\Windows\SYSTEM32\WINHTTP.dll
0x00007ff81ed90000 - 0x00007ff81edfa000 	C:\Windows\system32\mswsock.dll
0x00007ff806c20000 - 0x00007ff806c36000 	C:\Users\hyvom\Downloads\spring-tool-suite-4-4.23.1.RELEASE-e4.32.0-win32.win32.x86_64.self-extracting\contents\sts-4.23.1.RELEASE\plugins\org.eclipse.justj.openjdk.hotspot.jre.full.win32.x86_64_21.0.3.v20240426-1530\jre\bin\nio.dll
0x00007ff80e5d0000 - 0x00007ff80e5da000 	C:\Users\hyvom\Downloads\spring-tool-suite-4-4.23.1.RELEASE-e4.32.0-win32.win32.x86_64.self-extracting\contents\sts-4.23.1.RELEASE\plugins\org.eclipse.justj.openjdk.hotspot.jre.full.win32.x86_64_21.0.3.v20240426-1530\jre\bin\management.dll
0x00007ff80e5a0000 - 0x00007ff80e5ab000 	C:\Users\hyvom\Downloads\spring-tool-suite-4-4.23.1.RELEASE-e4.32.0-win32.win32.x86_64.self-extracting\contents\sts-4.23.1.RELEASE\plugins\org.eclipse.justj.openjdk.hotspot.jre.full.win32.x86_64_21.0.3.v20240426-1530\jre\bin\management_ext.dll
0x00007ff820bf0000 - 0x00007ff820bf8000 	C:\Windows\System32\PSAPI.DLL
0x00007ffff7c50000 - 0x00007ffff7c67000 	C:\Windows\system32\napinsp.dll
0x00007ffff7240000 - 0x00007ffff725b000 	C:\Windows\system32\pnrpnsp.dll
0x00007ff81ead0000 - 0x00007ff81eb9a000 	C:\Windows\SYSTEM32\DNSAPI.dll
0x00007ff81ea90000 - 0x00007ff81eacb000 	C:\Windows\SYSTEM32\IPHLPAPI.DLL
0x00007ff820d90000 - 0x00007ff820d98000 	C:\Windows\System32\NSI.dll
0x00007ff81b6b0000 - 0x00007ff81b6cd000 	C:\Windows\system32\NLAapi.dll
0x00007ff802eb0000 - 0x00007ff802ec2000 	C:\Windows\System32\winrnr.dll
0x00007ffff71f0000 - 0x00007ffff720d000 	C:\Windows\system32\wshbth.dll
0x00007ff812b70000 - 0x00007ff812b7a000 	C:\Windows\System32\rasadhlp.dll
0x00007ff812c20000 - 0x00007ff812ca0000 	C:\Windows\System32\fwpuclnt.dll
0x00007ff81eff0000 - 0x00007ff81f008000 	C:\Windows\SYSTEM32\CRYPTSP.dll
0x00007ff81e6d0000 - 0x00007ff81e708000 	C:\Windows\system32\rsaenh.dll
0x00007ff81f5f0000 - 0x00007ff81f61e000 	C:\Windows\SYSTEM32\USERENV.dll
0x00007ff81ef20000 - 0x00007ff81ef2c000 	C:\Windows\SYSTEM32\CRYPTBASE.dll
0x00007ff8183f0000 - 0x00007ff8183f9000 	C:\Users\hyvom\Downloads\spring-tool-suite-4-4.23.1.RELEASE-e4.32.0-win32.win32.x86_64.self-extracting\contents\sts-4.23.1.RELEASE\plugins\org.eclipse.justj.openjdk.hotspot.jre.full.win32.x86_64_21.0.3.v20240426-1530\jre\bin\extnet.dll
0x00007ff81ba30000 - 0x00007ff81ba3e000 	C:\Users\hyvom\Downloads\spring-tool-suite-4-4.23.1.RELEASE-e4.32.0-win32.win32.x86_64.self-extracting\contents\sts-4.23.1.RELEASE\plugins\org.eclipse.justj.openjdk.hotspot.jre.full.win32.x86_64_21.0.3.v20240426-1530\jre\bin\sunmscapi.dll
0x00007ff81f8f0000 - 0x00007ff81fa4d000 	C:\Windows\System32\CRYPT32.dll
0x00007ff81f170000 - 0x00007ff81f197000 	C:\Windows\SYSTEM32\ncrypt.dll
0x00007ff81f130000 - 0x00007ff81f16b000 	C:\Windows\SYSTEM32\NTASN1.dll
0x00007ff8142b0000 - 0x00007ff8142c0000 	C:\Users\hyvom\Downloads\spring-tool-suite-4-4.23.1.RELEASE-e4.32.0-win32.win32.x86_64.self-extracting\contents\sts-4.23.1.RELEASE\plugins\org.eclipse.justj.openjdk.hotspot.jre.full.win32.x86_64_21.0.3.v20240426-1530\jre\bin\verify.dll
0x00007ff80d990000 - 0x00007ff80d997000 	C:\Windows\system32\wshunix.dll

dbghelp: loaded successfully - version: 4.0.5 - missing functions: none
symbol engine: initialized successfully - sym options: 0x614 - pdb path: .;C:\Users\hyvom\Downloads\spring-tool-suite-4-4.23.1.RELEASE-e4.32.0-win32.win32.x86_64.self-extracting\contents\sts-4.23.1.RELEASE\plugins\org.eclipse.justj.openjdk.hotspot.jre.full.win32.x86_64_21.0.3.v20240426-1530\jre\bin;C:\Windows\SYSTEM32;C:\Windows\WinSxS\amd64_microsoft.windows.common-controls_6595b64144ccf1df_6.0.19041.6456_none_60b8a6cb71f64256;C:\Users\hyvom\Downloads\spring-tool-suite-4-4.23.1.RELEASE-e4.32.0-win32.win32.x86_64.self-extracting\contents\sts-4.23.1.RELEASE\plugins\org.eclipse.justj.openjdk.hotspot.jre.full.win32.x86_64_21.0.3.v20240426-1530\jre\bin\server

VM Arguments:
jvm_args: -Dcom.sun.management.jmxremote -Dcom.sun.management.jmxremote.port=25864 -Dcom.sun.management.jmxremote.authenticate=false -Dcom.sun.management.jmxremote.ssl=false -Djava.rmi.server.hostname=localhost -Dspring.jmx.enabled=true -Dmanagement.endpoints.jmx.exposure.include=* -Dspring.application.admin.enabled=true -XX:TieredStopAtLevel=1 -Dspring.boot.project.name=CNSTN-CHEMICAL-MANAGER-0.2 -Dfile.encoding=UTF-8 -Dstdout.encoding=UTF-8 -Dstderr.encoding=UTF-8 -XX:+ShowCodeDetailsInExceptionMessages 
java_command: com.example.demo.CnstnChemicalsApplication --spring.output.ansi.enabled=always
java_class_path (initial): C:\Users\hyvom\Documents\workspace-spring-tool-suite-4-4.23.1.RELEASE\Chemical Manager\CNSTN-CHEMICAL-MANAGER-0.2\target\classes;C:\Users\hyvom\.m2\repository\org\springframework\boot\spring-boot-starter-data-jpa\3.5.4\spring-boot-starter-data-jpa-3.5.4.jar;C:\Users\hyvom\.m2\repository\org\springframework\boot\spring-boot-starter\3.5.4\spring-boot-starter-3.5.4.jar;C:\Users\hyvom\.m2\repository\org\springframework\boot\spring-boot-starter-logging\3.5.4\spring-boot-starter-logging-3.5.4.jar;C:\Users\hyvom\.m2\repository\ch\qos\logback\logback-classic\1.5.18\logback-classic-1.5.18.jar;C:\Users\hyvom\.m2\repository\ch\qos\logback\logback-core\1.5.18\logback-core-1.5.18.jar;C:\Users\hyvom\.m2\repository\org\apache\logging\log4j\log4j-to-slf4j\2.24.3\log4j-to-slf4j-2.24.3.jar;C:\Users\hyvom\.m2\repository\org\apache\logging\log4j\log4j-api\2.24.3\log4j-api-2.24.3.jar;C:\Users\hyvom\.m2\repository\org\slf4j\jul-to-slf4j\2.0.17\jul-to-slf4j-2.0.17.jar;C:\Users\hyvom\.m2\repository\jakarta\annotation\jakarta.annotation-api\2.1.1\jakarta.annotation-api-2.1.1.jar;C:\Users\hyvom\.m2\repository\org\yaml\snakeyaml\2.4\snakeyaml-2.4.jar;C:\Users\hyvom\.m2\repository\org\springframework\boot\spring-boot-starter-jdbc\3.5.4\spring-boot-starter-jdbc-3.5.4.jar;C:\Users\hyvom\.m2\repository\com\zaxxer\HikariCP\6.3.1\HikariCP-6.3.1.jar;C:\Users\hyvom\.m2\repository\org\springframework\spring-jdbc\6.2.9\spring-jdbc-6.2.9.jar;C:\Users\hyvom\.m2\repository\org\hibernate\orm\hibernate-core\6.6.22.Final\hibernate-core-6.6.22.Final.jar;C:\Users\hyvom\.m2\repository\jakarta\persistence\jakarta.persistence-api\3.1.0\jakarta.persistence-api-3.1.0.jar;C:\Users\hyvom\.m2\repository\jakarta\transaction\jakarta.transaction-api\2.0.1\jakarta.transaction-api-2.0.1.jar;C:\Users\hyvom\.m2\repository\org\jboss\logging\jboss-logging\3.6.1.Final\jboss-logging-3.6.1.Final.jar;C:\Users\hyvom\.m2\repository\org\hibernate\common\hibernate-commons-annotations\7.0.3.Final\hibernate-commons-annotations-7.0.3.Final.jar;C:\Users\hyvom\.m2\repository\io\smallrye\jandex\3.2.0\jandex-3.2.0.jar;C:\Users\hyvom\.m2\repository\com\fasterxml\classmate\1.7.0\classmate-1.7.0.jar;C:\Users\hyvom\.m2\repository\net\bytebuddy\byte-buddy\1.17.6\byte-buddy-1.17.6.jar;C:\Users\hyvom\.m2\repository\org\glassfish\jaxb\jaxb-runtime\4.0.5\jaxb-runtime-4.0.5.jar;C:\Users\hyvom\.m2\repository\org\glassfish\jaxb\jaxb-core\4.0.5\jaxb-core-4.0.5.jar;C:\Users\hyvom\.m2\repository\org\eclipse\angus\angus-activation\2.0.2\angus-activation-2.0.2.jar;C:\Users\hyvom\.m2\repository\org\glassfish\jaxb\txw2\4.0.5\txw2-4.0.5.jar;C:\Users\hyvom\.m2\repository\com\sun\istack\istack-commons-runtime\4.1.2\istack-commons-runtime-4.1.2.jar;C:\Users\hyvom\.m2\repository\jakarta\inject\jakarta.inject-api\2.0.1\jakarta.inject-api-2.0.1.jar;C:\Users\hyvom\.m2\repository\org\antlr\antlr4-runtime\4.13.0\antlr4-runtime-4.13.0.jar;C:\Users\hyvom\.m2\repository\org\springframework\data\spring-data-jpa\3.5.2\spring-data-jpa-3.5.2.jar;C:\Users\hyvom\.m2\repository\org\springframework\data\spring-data-commons\3.5.2\spring-data-commons-3.5.2.jar;C:\Users\hyvom\.m2\repository\org\springframework\spring-orm\6.2.9\spring-orm-6.2.9.jar;C:\Users\hyvom\.m2\repository\org\springframework\spring-context\6.2.9\spring-context-6.2.9.jar;C:\Users\hyvom\.m2\repository\org\springframework\spring-tx\6.2.9\spring-tx-6.2.9.jar;C:\Users\hyvom\.m2\repository\org\springframework\spring-beans\6.2.9\spring-beans-6.2.9.jar;C:\Users\hyvom\.m2\repository\org\slf4j\slf4j-api\2.0.17\slf4j-api-2.0.17.jar;C:\Users\hyvom\.m2\repository\org\springframework\spring-aspects\6.2.9\spring-aspects-6.2.9.jar;C:\Users\hyvom\.m2\repository\org\aspectj\aspectjweaver\1.9.24\aspectjweaver-1.9.24.jar;C:\Users\hyvom\.m2\repository\org\springframework\boot\spring-boot-starter-web\3.5.4\spring-boot-starter-web-3.5.4.jar;C:\Users\hyvom\.m2\repository\org\springframework\boot\spring-boot-starter-json\3.5.4\spring-boot-starter-json-3.5.4.jar;C:\Users\hyvom\.m2\repository\com\fasterxml\jackson\datatype\jackson-datatype-jdk8\2.19.2\jackson-datatype-jdk8-2.19.2.jar;C:\Users\hyvom\.m2\repository\com\fasterxml\jackson\datatype\jackson-datatype-jsr310\2.19.2\jackson-datatype-jsr310-2.19.2.jar;C:\Users\hyvom\.m2\repository\com\fasterxml\jackson\module\jackson-module-parameter-names\2.19.2\jackson-module-parameter-names-2.19.2.jar;C:\Users\hyvom\.m2\repository\org\springframework\boot\spring-boot-starter-tomcat\3.5.4\spring-boot-starter-tomcat-3.5.4.jar;C:\Users\hyvom\.m2\repository\org\apache\tomcat\embed\tomcat-embed-core\10.1.43\tomcat-embed-core-10.1.43.jar;C:\Users\hyvom\.m2\repository\org\apache\tomcat\embed\tomcat-embed-el\10.1.43\tomcat-embed-el-10.1.43.jar;C:\Users\hyvom\.m2\repository\org\apache\tomcat\embed\tomcat-embed-websocket\10.1.43\tomcat-embed-websocket-10.1.43.jar;C:\Users\hyvom\.m2\repository\org\springframework\spring-web\6.2.9\spring-web-6.2.9.jar;C:\Users\hyvom\.m2\repository\io\micrometer\micrometer-observation\1.15.2\micrometer-observation-1.15.2.jar;C:\Users\hyvom\.m2\repository\io\micrometer\micrometer-commons\1.15.2\micrometer-commons-1.15.2.jar;C:\Users\hyvom\.m2\repository\org\springframework\spring-webmvc\6.2.9\spring-webmvc-6.2.9.jar;C:\Users\hyvom\.m2\repository\org\springframework\spring-expression\6.2.9\spring-expression-6.2.9.jar;C:\Users\hyvom\.m2\repository\org\springframework\boot\spring-boot-devtools\3.5.4\spring-boot-devtools-3.5.4.jar;C:\Users\hyvom\.m2\repository\org\springframework\boot\spring-boot\3.5.4\spring-boot-3.5.4.jar;C:\Users\hyvom\.m2\repository\org\springframework\boot\spring-boot-autoconfigure\3.5.4\spring-boot-autoconfigure-3.5.4.jar;C:\Users\hyvom\.m2\repository\com\mysql\mysql-connector-j\9.3.0\mysql-connector-j-9.3.0.jar;C:\Users\hyvom\.m2\repository\org\springframework\boot\spring-boot-starter-security\3.5.4\spring-boot-starter-security-3.5.4.jar;C:\Users\hyvom\.m2\repository\org\springframework\spring-aop\6.2.9\spring-aop-6.2.9.jar;C:\Users\hyvom\.m2\repository\org\springframework\security\spring-security-config\6.5.2\spring-security-config-6.5.2.jar;C:\Users\hyvom\.m2\repository\org\springframework\security\spring-security-core\6.5.2\spring-security-core-6.5.2.jar;C:\Users\hyvom\.m2\repository\org\springframework\security\spring-security-crypto\6.5.2\spring-security-crypto-6.5.2.jar;C:\Users\hyvom\.m2\repository\org\springframework\security\spring-security-web\6.5.2\spring-security-web-6.5.2.jar;C:\Users\hyvom\.m2\repository\org\projectlombok\lombok\1.18.38\lombok-1.18.38.jar;C:\Users\hyvom\.m2\repository\jakarta\xml\bind\jakarta.xml.bind-api\4.0.2\jakarta.xml.bind-api-4.0.2.jar;C:\Users\hyvom\.m2\repository\jakarta\activation\jakarta.activation-api\2.1.3\jakarta.activation-api-2.1.3.jar;C:\Users\hyvom\.m2\repository\org\springframework\spring-core\6.2.9\spring-core-6.2.9.jar;C:\Users\hyvom\.m2\repository\org\springframework\spring-jcl\6.2.9\spring-jcl-6.2.9.jar;C:\Users\hyvom\.m2\repository\io\jsonwebtoken\jjwt-api\0.11.5\jjwt-api-0.11.5.jar;C:\Users\hyvom\.m2\repository\io\jsonwebtoken\jjwt-impl\0.11.5\jjwt-impl-0.11.5.jar;C:\Users\hyvom\.m2\repository\io\jsonwebtoken\jjwt-jackson\0.11.5\jjwt-jackson-0.11.5.jar;C:\Users\hyvom\.m2\repository\com\fasterxml\jackson\core\jackson-databind\2.19.2\jackson-databind-2.19.2.jar;C:\Users\hyvom\.m2\repository\com\fasterxml\jackson\core\jackson-annotations\2.19.2\jackson-annotations-2.19.2.jar;C:\Users\hyvom\.m2\repository\com\fasterxml\jackson\core\jackson-core\2.19.2\jackson-core-2.19.2.jar
Launcher Type: SUN_STANDARD

[Global flags]
     intx CICompilerCount                          = 4                                         {product} {ergonomic}
     uint ConcGCThreads                            = 3                                         {product} {ergonomic}
     uint G1ConcRefinementThreads                  = 10                                        {product} {ergonomic}
   size_t G1HeapRegionSize                         = 2097152                                   {product} {ergonomic}
    uintx GCDrainStackTargetSize                   = 64                                        {product} {ergonomic}
   size_t InitialHeapSize                          = 165675008                                 {product} {ergonomic}
     bool ManagementServer                         = true                                      {product} {command line}
   size_t MarkStackSize                            = 4194304                                   {product} {ergonomic}
   size_t MaxHeapSize                              = 2648702976                                {product} {ergonomic}
   size_t MaxNewSize                               = 1587544064                                {product} {ergonomic}
   size_t MinHeapDeltaBytes                        = 2097152                                   {product} {ergonomic}
   size_t MinHeapSize                              = 8388608                                   {product} {ergonomic}
    uintx NonNMethodCodeHeapSize                   = 4096                                   {pd product} {ergonomic}
    uintx NonProfiledCodeHeapSize                  = 0                                      {pd product} {ergonomic}
     bool ProfileInterpreter                       = false                                  {pd product} {command line}
    uintx ProfiledCodeHeapSize                     = 0                                      {pd product} {ergonomic}
     bool ShowCodeDetailsInExceptionMessages       = true                                   {manageable} {command line}
   size_t SoftMaxHeapSize                          = 2648702976                             {manageable} {ergonomic}
     intx TieredStopAtLevel                        = 1                                         {product} {command line}
     bool UseCompressedOops                        = true                           {product lp64_product} {ergonomic}
     bool UseG1GC                                  = true                                      {product} {ergonomic}
     bool UseLargePagesIndividualAllocation        = false                                  {pd product} {ergonomic}

Logging:
Log output configuration:
 #0: stdout all=warning uptime,level,tags foldmultilines=false
 #1: stderr all=off uptime,level,tags foldmultilines=false

Environment Variables:
JAVA_HOME=C:\Program Files\Java\jdk-21.0.8.9-hotspot
PATH=C:/Users/hyvom/Downloads/spring-tool-suite-4-4.23.1.RELEASE-e4.32.0-win32.win32.x86_64.self-extracting/contents/sts-4.23.1.RELEASE//plugins/org.eclipse.justj.openjdk.hotspot.jre.full.win32.x86_64_21.0.3.v20240426-1530/jre/bin/server;C:/Users/hyvom/Downloads/spring-tool-suite-4-4.23.1.RELEASE-e4.32.0-win32.win32.x86_64.self-extracting/contents/sts-4.23.1.RELEASE//plugins/org.eclipse.justj.openjdk.hotspot.jre.full.win32.x86_64_21.0.3.v20240426-1530/jre/bin;C:\Program Files (x86)\VMware\VMware Workstation\bin\;C:\Program Files\Eclipse Adoptium\jdk-21.0.8.9-hotspot\bin;C:\oraclexe\app\oracle\product\10.2.0\server\bin;C:\Program Files (x86)\Common Files\Oracle\Java\java8path;C:\Program Files (x86)\Common Files\Oracle\Java\javapath;C:\ProgramData\Oracle\Java\javapath;C:\Windows\system32;C:\Windows;C:\Windows\System32\Wbem;C:\Windows\System32\WindowsPowerShell\v1.0\;C:\Windows\System32\OpenSSH\;C:\Program Files\Git\cmd;C:\apache-maven-3.9.9-bin\apache-maven-3.9.9\bin;C:\Program Files\Java\jdk-21.0.8.9-hotspot\bin;C:\php;C:\Program Files\Java\jdk-21.0.8.9-hotspot\bin;C:\Program Files\Java\jdk-21.0.8.9-hotspot\bin;C:\Users\hyvom\AppData\Roaming\npm;C:\Program Files\nvm;C:\nvm4w\nodejs;C:\Users\hyvom\AppData\Local\Android\Sdk\cmdline-tools\latest\bin;C:\Users\hyvom\AppData\Local\Android\Sdk\platform-toools;C:\Users\hyvom\AppData\Local\Pub\Cache\bin;C:\Users\hyvom\dev\flutter\bin;C:\Program Files\Java\jdk-21\bin;C:\Program Files\Eclipse Adoptium\jdk-21.0.8.9-hotspot\bin;C:\oraclexe\app\oracle\product\10.2.0\server\bin;C:\Program Files (x86)\Common Files\Oracle\Java\java8path;C:\Program Files (x86)\Common Files\Oracle\Java\javapath;C:\ProgramData\Oracle\Java\javapath;C:\Windows\system32;C:\Windows;C:\Windows\System32\Wbem;C:\Windows\System32\WindowsPowerShell\v1.0\;C:\Windows\System32\OpenSSH\;C:\Program Files\Git\cmd;C:\apache-maven-3.9.9-bin\apache-maven-3.9.9\bin;C:\Program Files\Eclipse Adoptium\jdk-21.0.8.9-hotspot\\bin;C:\php;C:\Program Files\Java\jdk-11\bin;C:\oraclexe\app\oracle\product\10.2.0\server\bin;C:\Program Files (x86)\Common Files\Oracle\Java\java8path;C:\Program Files (x86)\Common Files\Oracle\Java\javapath;C:\ProgramData\Oracle\Java\javapath;C:\Windows\system32;C:\Windows;C:\Windows\System32\Wbem;C:\Windows\System32\WindowsPowerShell\v1.0\;C:\Windows\System32\OpenSSH\;C:\Program Files\Git\cmd;C:\apache-maven-3.9.9-bin;C:\Users\hyvom\AppData\Local\Programs\Microsoft VS Code\bin;C:\Users\hyvom\AppData\Roaming\npm;C:\Users\hyvom\AppData\Roaming\npm;C:\Program Files\nvm;C:\nvm4w\nodejs;C:\Users\hyvom\AppData\Local\Pub\Cache\bin;;C:\Users\hyvom\Downloads\spring-tool-suite-4-4.23.1.RELEASE-e4.32.0-win32.win32.x86_64.self-extracting\contents\sts-4.23.1.RELEASE;
USERNAME=hyvom
OS=Windows_NT
PROCESSOR_IDENTIFIER=AMD64 Family 23 Model 104 Stepping 1, AuthenticAMD
TMP=C:\Users\hyvom\AppData\Local\Temp
TEMP=C:\Users\hyvom\AppData\Local\Temp




Periodic native trim disabled

---------------  S Y S T E M  ---------------

OS:
 Windows 10 , 64 bit Build 19041 (10.0.19041.5915)
OS uptime: 1 days 2:35 hours
Hyper-V role detected

CPU: total 12 (initial active 12) (12 cores per cpu, 2 threads per core) family 23 model 104 stepping 1 microcode 0x0, cx8, cmov, fxsr, ht, mmx, 3dnowpref, sse, sse2, sse3, ssse3, sse4a, sse4.1, sse4.2, popcnt, lzcnt, tsc, tscinvbit, avx, avx2, aes, clmul, bmi1, bmi2, adx, sha, fma, vzeroupper, clflush, clflushopt, hv, rdtscp, rdpid, f16c
Processor Information for all 12 processors :
  Max Mhz: 2100, Current Mhz: 1877, Mhz Limit: 2100

Memory: 4k page, system-wide physical 10101M (900M free)
TotalPageFile size 15477M (AvailPageFile size 3425M)
current process WorkingSet (physical memory assigned to process): 223M, peak: 224M
current process commit charge ("private bytes"): 261M, peak: 266M

vm_info: OpenJDK 64-Bit Server VM (21.0.3+9-LTS) for windows-amd64 JRE (21.0.3+9-LTS), built on 2024-04-16T00:00:00Z by "admin" with MS VC++ 17.7 (VS2022)

END.
